Mar-14 23:55:17.507 [main] DEBUG nextflow.cli.Launcher - $> nextflow run main.nf -resume
Mar-14 23:55:17.620 [main] DEBUG nextflow.cli.CmdRun - N E X T F L O W  ~  version 25.10.4
Mar-14 23:55:17.649 [main] DEBUG nextflow.plugin.PluginsFacade - Setting up plugin manager > mode=prod; embedded=false; plugins-dir=/home/augustus/.nextflow/plugins; core-plugins: nf-amazon@3.4.4,nf-azure@1.20.2,nf-cloudcache@0.5.0,nf-codecommit@0.5.0,nf-console@1.3.0,nf-google@1.23.5,nf-k8s@1.2.2,nf-tower@1.17.5,nf-wave@1.16.1
Mar-14 23:55:17.678 [main] INFO  o.pf4j.DefaultPluginStatusProvider - Enabled plugins: []
Mar-14 23:55:17.679 [main] INFO  o.pf4j.DefaultPluginStatusProvider - Disabled plugins: []
Mar-14 23:55:17.683 [main] INFO  org.pf4j.DefaultPluginManager - PF4J version 3.12.0 in 'deployment' mode
Mar-14 23:55:17.703 [main] DEBUG nextflow.util.RetryConfig - Missing nextflow session - using default retry config
Mar-14 23:55:17.881 [main] INFO  org.pf4j.AbstractPluginManager - No plugins
Mar-14 23:55:17.988 [main] DEBUG nextflow.plugin.PluginsFacade - Plugins default=[]
Mar-14 23:55:17.988 [main] DEBUG nextflow.plugin.PluginsFacade - Plugins resolved requirement=[]
Mar-14 23:55:18.009 [main] DEBUG n.secret.LocalSecretsProvider - Secrets store: /home/augustus/.nextflow/secrets/store.json
Mar-14 23:55:18.026 [main] DEBUG nextflow.secret.SecretsLoader - Discovered secrets providers: [nextflow.secret.LocalSecretsProvider@7d0614f] - activable => nextflow.secret.LocalSecretsProvider@7d0614f
Mar-14 23:55:18.041 [main] DEBUG nextflow.cli.CmdRun - Applied DSL=2 by global default
Mar-14 23:55:18.114 [main] DEBUG nextflow.cli.CmdRun - Launching `main.nf` [desperate_keller] DSL2 - revision: 82fb73551e
Mar-14 23:55:18.256 [main] DEBUG nextflow.Session - Session UUID: 4c7f4106-ffa1-4cf1-ba38-023adf634bca
Mar-14 23:55:18.258 [main] DEBUG nextflow.Session - Run name: desperate_keller
Mar-14 23:55:18.258 [main] DEBUG nextflow.Session - Executor pool size: 3
Mar-14 23:55:18.271 [main] DEBUG nextflow.file.FilePorter - File porter settings maxRetries=3; maxTransfers=50; pollTimeout=null
Mar-14 23:55:18.279 [main] DEBUG nextflow.util.ThreadPoolBuilder - Creating thread pool 'FileTransfer' minSize=10; maxSize=10; workQueue=LinkedBlockingQueue[-1]; allowCoreThreadTimeout=false
Mar-14 23:55:18.313 [main] DEBUG nextflow.cli.CmdRun - 
  Version: 25.10.4 build 11173
  Created: 10-02-2026 15:17 UTC (09:17 CDT)
  System: Linux 6.17.0-19-generic
  Runtime: Groovy 4.0.28 on OpenJDK 64-Bit Server VM 21.0.10+7-Ubuntu-124.04
  Encoding: UTF-8 (UTF-8)
  Process: 28512@LinData [127.0.1.1]
  CPUs: 3 - Mem: 15.6 GB (8 GB) - Swap: 4 GB (4 GB)
Mar-14 23:55:18.352 [main] DEBUG nextflow.Session - Work-dir: /home/augustus/Projects/BioInform/BioInform2/work [ext2/ext3]
Mar-14 23:55:18.353 [main] DEBUG nextflow.Session - Script base path does not exist or is not a directory: /home/augustus/Projects/BioInform/BioInform2/bin
Mar-14 23:55:18.363 [main] DEBUG nextflow.executor.ExecutorFactory - Extension executors providers=[]
Mar-14 23:55:18.374 [main] DEBUG nextflow.Session - Observer factory (v2): LinObserverFactory
Mar-14 23:55:18.378 [main] DEBUG nextflow.Session - Observer factory (v2): DefaultObserverFactory
Mar-14 23:55:18.434 [main] DEBUG nextflow.cache.CacheFactory - Using Nextflow cache factory: nextflow.cache.DefaultCacheFactory
Mar-14 23:55:18.445 [main] DEBUG nextflow.util.CustomThreadPool - Creating default thread pool > poolSize: 4; maxThreads: 1000
Mar-14 23:55:18.523 [main] DEBUG nextflow.Session - Session start
Mar-14 23:55:19.184 [main] DEBUG nextflow.script.ScriptRunner - > Launching execution
Mar-14 23:55:19.402 [main] DEBUG nextflow.executor.ExecutorFactory - << taskConfig executor: null
Mar-14 23:55:19.402 [main] DEBUG nextflow.executor.ExecutorFactory - >> processorType: 'local'
Mar-14 23:55:19.412 [main] DEBUG nextflow.executor.Executor - [warm up] executor > local
Mar-14 23:55:19.420 [main] DEBUG n.processor.LocalPollingMonitor - Creating local task monitor for executor 'local' > cpus=3; memory=15.6 GB; capacity=3; pollInterval=100ms; dumpInterval=5m
Mar-14 23:55:19.422 [main] DEBUG n.processor.TaskPollingMonitor - >>> barrier register (monitor: local)
Mar-14 23:55:19.473 [main] DEBUG nextflow.processor.TaskProcessor - Creating process 'BWA_INDEX': maxForks=0; fair=false; array=0
Mar-14 23:55:19.529 [main] DEBUG nextflow.executor.ExecutorFactory - << taskConfig executor: null
Mar-14 23:55:19.529 [main] DEBUG nextflow.executor.ExecutorFactory - >> processorType: 'local'
Mar-14 23:55:19.530 [main] DEBUG nextflow.processor.TaskProcessor - Creating process 'FASTQC': maxForks=0; fair=false; array=0
Mar-14 23:55:19.534 [main] DEBUG nextflow.executor.ExecutorFactory - << taskConfig executor: null
Mar-14 23:55:19.534 [main] DEBUG nextflow.executor.ExecutorFactory - >> processorType: 'local'
Mar-14 23:55:19.535 [main] DEBUG nextflow.processor.TaskProcessor - Creating process 'BWA_ALIGN': maxForks=0; fair=false; array=0
Mar-14 23:55:19.539 [main] DEBUG nextflow.Session - Workflow process names [dsl2]: FASTQC, BWA_ALIGN, BWA_INDEX
Mar-14 23:55:19.541 [main] DEBUG nextflow.Session - Igniting dataflow network (3)
Mar-14 23:55:19.542 [main] DEBUG nextflow.processor.TaskProcessor - Starting process > BWA_INDEX
Mar-14 23:55:19.543 [main] DEBUG nextflow.processor.TaskProcessor - Starting process > FASTQC
Mar-14 23:55:19.544 [main] DEBUG nextflow.processor.TaskProcessor - Starting process > BWA_ALIGN
Mar-14 23:55:19.549 [main] DEBUG nextflow.script.ScriptRunner - Parsed script files:
  Script_e44ffd0b9077d956: /home/augustus/Projects/BioInform/BioInform2/modules/bwa_index.nf
  Script_7c3d05d28c72ba2c: /home/augustus/Projects/BioInform/BioInform2/modules/fastqc.nf
  Script_b336e99005509f4c: /home/augustus/Projects/BioInform/BioInform2/main.nf
  Script_ee26f987aee09346: /home/augustus/Projects/BioInform/BioInform2/modules/bwa_align.nf
Mar-14 23:55:19.549 [main] DEBUG nextflow.script.ScriptRunner - > Awaiting termination 
Mar-14 23:55:19.549 [main] DEBUG nextflow.Session - Session await
Mar-14 23:55:19.813 [Task submitter] DEBUG n.executor.local.LocalTaskHandler - Launch cmd line: /bin/bash -ue .command.run
Mar-14 23:55:19.816 [Task submitter] INFO  nextflow.Session - [0e/962deb] Submitted process > FASTQC
Mar-14 23:55:19.843 [Task submitter] DEBUG n.executor.local.LocalTaskHandler - Launch cmd line: /bin/bash -ue .command.run
Mar-14 23:55:19.844 [Task submitter] INFO  nextflow.Session - [ae/cf9c6a] Submitted process > BWA_INDEX
Mar-14 23:55:20.157 [Task monitor] DEBUG n.processor.TaskPollingMonitor - Task completed > TaskHandler[id: 1; name: BWA_INDEX; status: COMPLETED; exit: 0; error: -; workDir: /home/augustus/Projects/BioInform/BioInform2/work/ae/cf9c6a3dff444a64ff7e71b8135b66]
Mar-14 23:55:20.162 [Task monitor] DEBUG nextflow.util.ThreadPoolBuilder - Creating thread pool 'TaskFinalizer' minSize=10; maxSize=10; workQueue=LinkedBlockingQueue[-1]; allowCoreThreadTimeout=false
Mar-14 23:55:20.466 [Task submitter] DEBUG n.executor.local.LocalTaskHandler - Launch cmd line: /bin/bash -ue .command.run
Mar-14 23:55:20.475 [Task submitter] INFO  nextflow.Session - [2a/2ece0b] Submitted process > BWA_ALIGN
Mar-14 23:55:20.570 [Task monitor] DEBUG n.processor.TaskPollingMonitor - Task completed > TaskHandler[id: 3; name: BWA_ALIGN; status: COMPLETED; exit: 0; error: -; workDir: /home/augustus/Projects/BioInform/BioInform2/work/2a/2ece0ba6b0643088c34dd7b4d01ec6]
Mar-14 23:55:22.204 [Task monitor] DEBUG n.processor.TaskPollingMonitor - Task completed > TaskHandler[id: 2; name: FASTQC; status: COMPLETED; exit: 0; error: -; workDir: /home/augustus/Projects/BioInform/BioInform2/work/0e/962debb23758942b2266486dfbf494]
Mar-14 23:55:22.210 [main] DEBUG nextflow.Session - Session await > all processes finished
Mar-14 23:55:22.321 [Task monitor] DEBUG n.processor.TaskPollingMonitor - <<< barrier arrives (monitor: local) - terminating tasks monitor poll loop
Mar-14 23:55:22.322 [main] DEBUG nextflow.Session - Session await > all barriers passed
Mar-14 23:55:22.327 [main] DEBUG nextflow.util.ThreadPoolManager - Thread pool 'TaskFinalizer' shutdown completed (hard=false)
Mar-14 23:55:22.341 [main] DEBUG n.trace.WorkflowStatsObserver - Workflow completed > WorkflowStats[succeededCount=3; failedCount=0; ignoredCount=0; cachedCount=0; pendingCount=0; submittedCount=0; runningCount=0; retriesCount=0; abortedCount=0; succeedDuration=2.5s; failedDuration=0ms; cachedDuration=0ms;loadCpus=0; loadMemory=0; peakRunning=2; peakCpus=2; peakMemory=0; ]
Mar-14 23:55:22.462 [main] DEBUG nextflow.cache.CacheDB - Closing CacheDB done
Mar-14 23:55:22.476 [main] DEBUG nextflow.util.ThreadPoolManager - Thread pool 'FileTransfer' shutdown completed (hard=false)
Mar-14 23:55:22.476 [main] DEBUG nextflow.script.ScriptRunner - > Execution complete -- Goodbye
